gdb a.out
GNU gdb (Ubuntu 8.1.1-0ubuntu1) 8.1.1
Copyright (C) 2018 Free Software Foundation, Inc.
License GPLv3+: GNU GPL version 3 or later <http://gnu.org/licenses/gpl.html>
This is free software: you are free to change and redistribute it.
There is NO WARRANTY, to the extent permitted by law.  Type "show copying"
and "show warranty" for details.
This GDB was configured as "x86_64-linux-gnu".
Type "show configuration" for configuration details.
For bug reporting instructions, please see:
<http://www.gnu.org/software/gdb/bugs/>.
Find the GDB manual and other documentation resources online at:
<http://www.gnu.org/software/gdb/documentation/>.
For help, type "help".
Type "apropos word" to search for commands related to "word"...
Reading symbols from a.out...done.
(gdb) b main
Breakpoint 1 at 0x82a: file p2final.c, line 37.
(gdb) r
Starting program: /home/runner/pps-IA1-practice/a.out 
warning: Error disabling address space randomization: Operation not permitted

Breakpoint 1, main () at p2final.c:37
37    x=input();
(gdb) s
input () at p2final.c:3
3   {
(gdb) n
5     printf("enter the numbers:\n");
(gdb) n
enter the numbers:
6     scanf("%d",&num);
(gdb) n
1
7     return num;
(gdb) n
8   }
(gdb) n
main () at p2final.c:38
38    y=input();
(gdb) s
input () at p2final.c:3
3   {
(gdb) n
5     printf("enter the numbers:\n");
(gdb) n
enter the numbers:
6     scanf("%d",&num);
(gdb) n
2
7     return num;
(gdb) n
8   }
(gdb) n
main () at p2final.c:39
39    z=input();
(gdb) s
input () at p2final.c:3
3   {
(gdb) n
5     printf("enter the numbers:\n");
(gdb) n
enter the numbers:
6     scanf("%d",&num);
(gdb) n
3
7     return num;
(gdb) n
8   }
(gdb) n
main () at p2final.c:40
40    result=cmp(x,y,z);
(gdb) s
cmp (a=1, b=2, c=3) at p2final.c:14
14    if (a>b && a>c)
(gdb) n
18    else if (b>c)
(gdb) n
24      large=c;
(gdb) n
26    return large;
(gdb) n
27  }
(gdb) n
main () at p2final.c:41
41    output(result);
(gdb) s
output (largest=3) at p2final.c:31
31   printf("%d is the largest among them \n",largest); 
(gdb) n
3 is the largest among them 
32  }
(gdb) n
main () at p2final.c:42
42    return 0;
(gdb) n
43  }(gdb) q
A debugging session is active.

    Inferior 1 [process 576] will be killed.

Quit anyway? (y or n) y